// Jest Snapshot v1, https://goo.gl/fbAQLP

exports[`Loading Matches DOM snapshot 1`] = `
<DocumentFragment>
  <div>
    Loading...
  </div>
</DocumentFragment>
`;
