// Jest Snapshot v1, https://goo.gl/fbAQLP

exports[`NotFound Matches DOM snapshot 1`] = `
<DocumentFragment>
  <div>
    Sorry, no result...
  </div>
</DocumentFragment>
`;
