// Jest Snapshot v1, https://goo.gl/fbAQLP

exports[`PokemonCard Matches DOM snapshots 1`] = `
<DocumentFragment>
  <div
    class="col-xl-3 col-lg-4 col-sm-6 pb-md-5 pb-3"
  >
    <a
      class="text-decoration-none"
      href="/test"
    >
      <div
        class="card pokeball-card rounded-3 border-0 overflow-hidden shadow grayscale-background"
      >
        <header
          class="d-flex align-items-center justify-content-end pt-2 px-3 grayscale-medium"
        >
          #2
        </header>
        <div
          class="p-1 p-sm-3 rounded-3 d-flex align-items-center justify-content-center"
        >
          <img
            alt="pokemon image"
            height="150"
            src=""
            width="150"
          />
        </div>
        <h4
          class="pt-1 pt-sm-3 mb-4 text-center grayscale-dark"
        >
          test
        </h4>
      </div>
    </a>
  </div>
</DocumentFragment>
`;
